// Jest Snapshot v1, https://goo.gl/fbAQLP

exports[`DateRange component change date range and dispatch 1`] = `
<div>
  <div
    class="sc-gsDKAQ hGZSxA"
    style="display: flex;"
  >
    <span
      class="sc-bdvvtL clXdJo"
    >
      Range
    </span>
    <div
      class="react-datepicker-wrapper"
    >
      <div
        class="react-datepicker__input-container"
      >
        <input
          class=""
          type="text"
          value="14/01/2022 - 23/01/2022"
        />
      </div>
    </div>
    <button
      class="btn-submit-date btn btn-primary btn-sm"
      type="button"
    >
      Ok
    </button>
  </div>
</div>
`;
